   Compiling getrandom v0.4.3
   Compiling cfg-if v1.0.4
   Compiling shlex v2.0.1
   Compiling find-msvc-tools v0.1.9
   Compiling proc-macro2 v1.0.107
   Compiling unicode-ident v1.0.24
   Compiling quote v1.0.47
   Compiling serde_core v1.0.229
   Compiling pkg-config v0.3.33
    Checking once_cell v1.21.4
   Compiling thiserror v2.0.19
   Compiling serde v1.0.229
   Compiling crossbeam-utils v0.8.22
    Checking tracing-core v0.1.36
    Checking pin-project-lite v0.2.17
   Compiling semver v1.0.28
   Compiling crossbeam-epoch v0.9.20
   Compiling crossbeam-deque v0.8.7
   Compiling rustc_version v0.4.1
    Checking windows-link v0.2.1
   Compiling libc v0.2.189
   Compiling zstd-safe v7.2.4
   Compiling zmij v1.0.23
    Checking alloc-no-stdlib v2.0.4
   Compiling rayon-core v1.13.0
    Checking windows-sys v0.61.2
   Compiling jobserver v0.1.35
    Checking alloc-stdlib v0.2.4
    Checking constant_time_eq v0.4.2
   Compiling crc32c v0.6.8
   Compiling serde_json v1.0.151
   Compiling cc v1.4.0
    Checking arrayvec v0.7.8
    Checking cpufeatures v0.3.0
    Checking arrayref v0.3.9
    Checking brotli-decompressor v4.0.3
    Checking fastrand v2.5.0
    Checking either v1.17.0
    Checking itoa v1.0.18
   Compiling syn v3.0.3
   Compiling syn v2.0.119
    Checking memchr v2.8.3
    Checking tempfile v3.27.0
    Checking winapi-util v0.1.11
    Checking memmap2 v0.9.11
    Checking crossbeam-channel v0.5.16
    Checking fastcdc v4.0.1
    Checking xxhash-rust v0.8.18
    Checking same-file v1.0.6
    Checking arbitrary v1.4.2
    Checking smallvec v1.15.2
    Checking brotli v7.0.0
    Checking rayon v1.12.0
   Compiling zstd-sys v2.0.16+zstd.1.5.7
   Compiling blake3 v1.8.5
   Compiling liblzma-sys v0.3.13
   Compiling libfuzzer-sys v0.4.13
   Compiling thiserror-impl v2.0.19
   Compiling serde_derive v1.0.229
   Compiling tracing-attributes v0.1.31
    Checking tracing v0.1.44
    Checking pithos-core v0.1.0 (C:\Projetos\TESTE\crates\pithos-core)
    Checking liblzma v0.3.6
    Checking pithos-planner v0.1.0 (C:\Projetos\TESTE\crates\pithos-planner)
    Checking pithos-io v0.1.0 (C:\Projetos\TESTE\crates\pithos-io)
    Checking pithos-format v0.1.0 (C:\Projetos\TESTE\crates\pithos-format)
    Checking pithos-analysis v0.1.0 (C:\Projetos\TESTE\crates\pithos-analysis)
    Checking pithos-agent-api v0.1.0 (C:\Projetos\TESTE\crates\pithos-agent-api)
    Checking zstd v0.13.3
    Checking pithos-codecs v0.1.0 (C:\Projetos\TESTE\crates\pithos-codecs)
    Checking pithos-engine v0.1.0 (C:\Projetos\TESTE\crates\pithos-engine)
    Checking pithos-fuzz v0.0.0 (C:\Projetos\TESTE\fuzz)
    Finished `dev` profile [unoptimized + debuginfo] target(s) in 42.27s
