[stderr]
   Compiling pithos-analysis v0.1.0 (C:\Projetos\TESTE\crates\pithos-analysis)
   Compiling pithos-fuzz v0.0.0 (C:\Projetos\TESTE\fuzz)
error: linking with `link.exe` failed: exit code: 1120
  |
  = note: "C:\\Program Files (x86)\\Microsoft Visual Studio\\2022\\BuildTools\\VC\\Tools\\MSVC\\14.44.35207\\bin\\HostX64\\x64\\link.exe" "/NOLOGO" "C:\\Projetos\\TESTE\\fuzz\\target\\x86_64-pc-windows-msvc\\release\\build\\pithos-fuzz/b657ca1a98db41ec\\out\\rustcFAHL0O\\symbols.o" "<2 object files omitted>" "C:\\Projetos\\TESTE\\fuzz\\target\\x86_64-pc-windows-msvc\\release\\build\\pithos-analysis\\7caaf75029fea9ac\\out/libpithos_analysis-7caaf75029fea9ac.rlib" "C:\\Projetos\\TESTE\\fuzz\\target\\x86_64-pc-windows-msvc\\release\\build\\crc32c/eaeaf373336e6355\\out/libcrc32c-eaeaf373336e6355.rlib" "C:\\Projetos\\TESTE\\fuzz\\target\\x86_64-pc-windows-msvc\\release\\build\\blake3/f4cbe1297853bdb9\\out/libblake3-f4cbe1297853bdb9.rlib" "C:\\Projetos\\TESTE\\fuzz\\target\\x86_64-pc-windows-msvc\\release\\build\\constant_time_eq/7f8774009043caf2\\out/libconstant_time_eq-7f8774009043caf2.rlib" "C:\\Projetos\\TESTE\\fuzz\\target\\x86_64-pc-windows-msvc\\release\\build\\cpufeatures/8e3788bebae66a6a\\out/libcpufeatures-8e3788bebae66a6a.rlib" "C:\\Projetos\\TESTE\\fuzz\\target\\x86_64-pc-windows-msvc\\release\\build\\cfg-if/8421b574b3ca34c4\\out/libcfg_if-8421b574b3ca34c4.rlib" "C:\\Projetos\\TESTE\\fuzz\\target\\x86_64-pc-windows-msvc\\release\\build\\arrayvec/d224368066c14411\\out/libarrayvec-d224368066c14411.rlib" "C:\\Projetos\\TESTE\\fuzz\\target\\x86_64-pc-windows-msvc\\release\\build\\arrayref/050e7b493c2bddca\\out/libarrayref-050e7b493c2bddca.rlib" "C:\\Projetos\\TESTE\\fuzz\\target\\x86_64-pc-windows-msvc\\release\\build\\xxhash-rust/4854aedac2dc1491\\out/libxxhash_rust-4854aedac2dc1491.rlib" "C:\\Projetos\\TESTE\\fuzz\\target\\x86_64-pc-windows-msvc\\release\\build\\smallvec/885485a3a83548db\\out/libsmallvec-885485a3a83548db.rlib" "C:\\Projetos\\TESTE\\fuzz\\target\\x86_64-pc-windows-msvc\\release\\build\\rayon/9a510cd6906dfe82\\out/librayon-9a510cd6906dfe82.rlib" "C:\\Projetos\\TESTE\\fuzz\\target\\x86_64-pc-windows-msvc\\release\\build\\rayon-core/6a1ed690eb8bf2af\\out/librayon_core-6a1ed690eb8bf2af.rlib" "C:\\Projetos\\TESTE\\fuzz\\target\\x86_64-pc-windows-msvc\\release\\build\\crossbeam-deque/82a1d28945aa5cd7\\out/libcrossbeam_deque-82a1d28945aa5cd7.rlib" "C:\\Projetos\\TESTE\\fuzz\\target\\x86_64-pc-windows-msvc\\release\\build\\crossbeam-epoch/4911a0a17b986606\\out/libcrossbeam_epoch-4911a0a17b986606.rlib" "C:\\Projetos\\TESTE\\fuzz\\target\\x86_64-pc-windows-msvc\\release\\build\\crossbeam-utils/1cc7c73e17eadf2b\\out/libcrossbeam_utils-1cc7c73e17eadf2b.rlib" "C:\\Projetos\\TESTE\\fuzz\\target\\x86_64-pc-windows-msvc\\release\\build\\either/8b099775b2fde82c\\out/libeither-8b099775b2fde82c.rlib" "C:\\Projetos\\TESTE\\fuzz\\target\\x86_64-pc-windows-msvc\\release\\build\\pithos-core/2a12f857cc274415\\out/libpithos_core-2a12f857cc274415.rlib" "C:\\Projetos\\TESTE\\fuzz\\target\\x86_64-pc-windows-msvc\\release\\build\\thiserror/66855ec0e6c90d10\\out/libthiserror-66855ec0e6c90d10.rlib" "C:\\Projetos\\TESTE\\fuzz\\target\\x86_64-pc-windows-msvc\\release\\build\\serde/03fdf7a9a3cbb7e0\\out/libserde-03fdf7a9a3cbb7e0.rlib" "C:\\Projetos\\TESTE\\fuzz\\target\\x86_64-pc-windows-msvc\\release\\build\\serde_core/93a0eed09ca7ef1c\\out/libserde_core-93a0eed09ca7ef1c.rlib" "C:\\Projetos\\TESTE\\fuzz\\target\\x86_64-pc-windows-msvc\\release\\build\\fastcdc/68af18e93ad25b1e\\out/libfastcdc-68af18e93ad25b1e.rlib" "C:\\Projetos\\TESTE\\fuzz\\target\\x86_64-pc-windows-msvc\\release\\build\\libfuzzer-sys\\c0a0f802f856a2c3\\out/liblibfuzzer_sys-c0a0f802f856a2c3.rlib" "C:\\Projetos\\TESTE\\fuzz\\target\\x86_64-pc-windows-msvc\\release\\build\\arbitrary/58b738f3ffc4c20c\\out/libarbitrary-58b738f3ffc4c20c.rlib" "<sysroot>\\lib\\rustlib\\x86_64-pc-windows-msvc\\lib/{libstd-*,libpanic_unwind-*,libcfg_if-*,libwindows_link-*,librustc_demangle-*,libstd_detect-*,libhashbrown-*,librustc_std_workspace_alloc-*,libunwind-*,librustc_std_workspace_core-*,liballoc-*,libcore-*,libcompiler_builtins-*}.rlib" "kernel32.lib" "kernel32.lib" "kernel32.lib" "ntdll.lib" "userenv.lib" "ws2_32.lib" "dbghelp.lib" "/defaultlib:msvcrt" "/NXCOMPAT" "/LIBPATH:C:\\Projetos\\TESTE\\fuzz\\target\\x86_64-pc-windows-msvc\\release\\build\\libfuzzer-sys/80eac24a060ac993\\out" "/LIBPATH:C:\\Projetos\\TESTE\\fuzz\\target\\x86_64-pc-windows-msvc\\release\\build\\blake3/d3ef2f2ea6375984\\out" "/LIBPATH:C:\\Projetos\\TESTE\\fuzz\\target\\x86_64-pc-windows-msvc\\release\\build\\liblzma-sys/2af559d29f3e6c4e\\out" "/LIBPATH:C:\\Projetos\\TESTE\\fuzz\\target\\x86_64-pc-windows-msvc\\release\\build\\zstd-sys/eecb793664f3f7ce\\out" "/OUT:C:\\Projetos\\TESTE\\fuzz\\target\\x86_64-pc-windows-msvc\\release\\build\\pithos-fuzz/b657ca1a98db41ec\\out\\exact_dedup.exe" "/OPT:REF,ICF" "/DEBUG" "/PDBALTPATH:%_PDB%" "/NATVIS:<sysroot>\\lib\\rustlib\\etc\\intrinsic.natvis" "/NATVIS:<sysroot>\\lib\\rustlib\\etc\\liballoc.natvis" "/NATVIS:<sysroot>\\lib\\rustlib\\etc\\libcore.natvis" "/NATVIS:<sysroot>\\lib\\rustlib\\etc\\libstd.natvis" "/include:main"
  = note: some arguments are omitted. use `--verbose` to show all linker arguments
  = note:    Creating library C:\Projetos\TESTE\fuzz\target\x86_64-pc-windows-msvc\release\build\pithos-fuzz\b657ca1a98db41ec\out\exact_dedup.lib and object C:\Projetos\TESTE\fuzz\target\x86_64-pc-windows-msvc\release\build\pithos-fuzz\b657ca1a98db41ec\out\exact_dedup.exp
          liblibfuzzer_sys-c0a0f802f856a2c3.rlib(libfuzzer_sys-c0a0f802f856a2c3.libfuzzer_sys.bad71c9243cce320-cgu.0.rcgu.o) : error LNK2001: unresolved external symbol __start___sancov_cntrs
          libxxhash_rust-4854aedac2dc1491.rlib(xxhash_rust-4854aedac2dc1491.xxhash_rust.e10c8686fcefa638-cgu.0.rcgu.o) : error LNK2001: unresolved external symbol __start___sancov_cntrs
          librayon_core-6a1ed690eb8bf2af.rlib(rayon_core-6a1ed690eb8bf2af.rayon_core.a4454cc4ca67deb1-cgu.0.rcgu.o) : error LNK2001: unresolved external symbol __start___sancov_cntrs
          libcrossbeam_epoch-4911a0a17b986606.rlib(crossbeam_epoch-4911a0a17b986606.crossbeam_epoch.85940c80d86127f1-cgu.0.rcgu.o) : error LNK2001: unresolved external symbol __start___sancov_cntrs
          libfastcdc-68af18e93ad25b1e.rlib(fastcdc-68af18e93ad25b1e.fastcdc.72bc7e0ef02d8d26-cgu.0.rcgu.o) : error LNK2001: unresolved external symbol __start___sancov_cntrs
          exact_dedup.exact_dedup.52de0c77b565e5e1-cgu.0.rcgu.o : error LNK2001: unresolved external symbol __start___sancov_cntrs
          libpithos_analysis-7caaf75029fea9ac.rlib(pithos_analysis-7caaf75029fea9ac.pithos_analysis.5b2879e13d709af2-cgu.0.rcgu.o) : error LNK2001: unresolved external symbol __start___sancov_cntrs
          libcrc32c-eaeaf373336e6355.rlib(crc32c-eaeaf373336e6355.crc32c.fa75cde3de3bc833-cgu.0.rcgu.o) : error LNK2001: unresolved external symbol __start___sancov_cntrs
          libblake3-f4cbe1297853bdb9.rlib(blake3-f4cbe1297853bdb9.blake3.969a83e7860d8dea-cgu.0.rcgu.o) : error LNK2001: unresolved external symbol __start___sancov_cntrs
          liblibfuzzer_sys-c0a0f802f856a2c3.rlib(libfuzzer_sys-c0a0f802f856a2c3.libfuzzer_sys.bad71c9243cce320-cgu.0.rcgu.o) : error LNK2001: unresolved external symbol __stop___sancov_cntrs
          libxxhash_rust-4854aedac2dc1491.rlib(xxhash_rust-4854aedac2dc1491.xxhash_rust.e10c8686fcefa638-cgu.0.rcgu.o) : error LNK2001: unresolved external symbol __stop___sancov_cntrs
          librayon_core-6a1ed690eb8bf2af.rlib(rayon_core-6a1ed690eb8bf2af.rayon_core.a4454cc4ca67deb1-cgu.0.rcgu.o) : error LNK2001: unresolved external symbol __stop___sancov_cntrs
          libcrossbeam_epoch-4911a0a17b986606.rlib(crossbeam_epoch-4911a0a17b986606.crossbeam_epoch.85940c80d86127f1-cgu.0.rcgu.o) : error LNK2001: unresolved external symbol __stop___sancov_cntrs
          libfastcdc-68af18e93ad25b1e.rlib(fastcdc-68af18e93ad25b1e.fastcdc.72bc7e0ef02d8d26-cgu.0.rcgu.o) : error LNK2001: unresolved external symbol __stop___sancov_cntrs
          exact_dedup.exact_dedup.52de0c77b565e5e1-cgu.0.rcgu.o : error LNK2001: unresolved external symbol __stop___sancov_cntrs
          libpithos_analysis-7caaf75029fea9ac.rlib(pithos_analysis-7caaf75029fea9ac.pithos_analysis.5b2879e13d709af2-cgu.0.rcgu.o) : error LNK2001: unresolved external symbol __stop___sancov_cntrs
          libcrc32c-eaeaf373336e6355.rlib(crc32c-eaeaf373336e6355.crc32c.fa75cde3de3bc833-cgu.0.rcgu.o) : error LNK2001: unresolved external symbol __stop___sancov_cntrs
          libblake3-f4cbe1297853bdb9.rlib(blake3-f4cbe1297853bdb9.blake3.969a83e7860d8dea-cgu.0.rcgu.o) : error LNK2001: unresolved external symbol __stop___sancov_cntrs
          liblibfuzzer_sys-c0a0f802f856a2c3.rlib(libfuzzer_sys-c0a0f802f856a2c3.libfuzzer_sys.bad71c9243cce320-cgu.0.rcgu.o) : error LNK2001: unresolved external symbol __start___sancov_pcs
          libxxhash_rust-4854aedac2dc1491.rlib(xxhash_rust-4854aedac2dc1491.xxhash_rust.e10c8686fcefa638-cgu.0.rcgu.o) : error LNK2001: unresolved external symbol __start___sancov_pcs
          librayon_core-6a1ed690eb8bf2af.rlib(rayon_core-6a1ed690eb8bf2af.rayon_core.a4454cc4ca67deb1-cgu.0.rcgu.o) : error LNK2001: unresolved external symbol __start___sancov_pcs
          libcrossbeam_epoch-4911a0a17b986606.rlib(crossbeam_epoch-4911a0a17b986606.crossbeam_epoch.85940c80d86127f1-cgu.0.rcgu.o) : error LNK2001: unresolved external symbol __start___sancov_pcs
          libfastcdc-68af18e93ad25b1e.rlib(fastcdc-68af18e93ad25b1e.fastcdc.72bc7e0ef02d8d26-cgu.0.rcgu.o) : error LNK2001: unresolved external symbol __start___sancov_pcs
          exact_dedup.exact_dedup.52de0c77b565e5e1-cgu.0.rcgu.o : error LNK2001: unresolved external symbol __start___sancov_pcs
          libpithos_analysis-7caaf75029fea9ac.rlib(pithos_analysis-7caaf75029fea9ac.pithos_analysis.5b2879e13d709af2-cgu.0.rcgu.o) : error LNK2001: unresolved external symbol __start___sancov_pcs
          libcrc32c-eaeaf373336e6355.rlib(crc32c-eaeaf373336e6355.crc32c.fa75cde3de3bc833-cgu.0.rcgu.o) : error LNK2001: unresolved external symbol __start___sancov_pcs
          libblake3-f4cbe1297853bdb9.rlib(blake3-f4cbe1297853bdb9.blake3.969a83e7860d8dea-cgu.0.rcgu.o) : error LNK2001: unresolved external symbol __start___sancov_pcs
          liblibfuzzer_sys-c0a0f802f856a2c3.rlib(libfuzzer_sys-c0a0f802f856a2c3.libfuzzer_sys.bad71c9243cce320-cgu.0.rcgu.o) : error LNK2001: unresolved external symbol __stop___sancov_pcs
          libxxhash_rust-4854aedac2dc1491.rlib(xxhash_rust-4854aedac2dc1491.xxhash_rust.e10c8686fcefa638-cgu.0.rcgu.o) : error LNK2001: unresolved external symbol __stop___sancov_pcs
          librayon_core-6a1ed690eb8bf2af.rlib(rayon_core-6a1ed690eb8bf2af.rayon_core.a4454cc4ca67deb1-cgu.0.rcgu.o) : error LNK2001: unresolved external symbol __stop___sancov_pcs
          libcrossbeam_epoch-4911a0a17b986606.rlib(crossbeam_epoch-4911a0a17b986606.crossbeam_epoch.85940c80d86127f1-cgu.0.rcgu.o) : error LNK2001: unresolved external symbol __stop___sancov_pcs
          libfastcdc-68af18e93ad25b1e.rlib(fastcdc-68af18e93ad25b1e.fastcdc.72bc7e0ef02d8d26-cgu.0.rcgu.o) : error LNK2001: unresolved external symbol __stop___sancov_pcs
          exact_dedup.exact_dedup.52de0c77b565e5e1-cgu.0.rcgu.o : error LNK2001: unresolved external symbol __stop___sancov_pcs
          libpithos_analysis-7caaf75029fea9ac.rlib(pithos_analysis-7caaf75029fea9ac.pithos_analysis.5b2879e13d709af2-cgu.0.rcgu.o) : error LNK2001: unresolved external symbol __stop___sancov_pcs
          libcrc32c-eaeaf373336e6355.rlib(crc32c-eaeaf373336e6355.crc32c.fa75cde3de3bc833-cgu.0.rcgu.o) : error LNK2001: unresolved external symbol __stop___sancov_pcs
          libblake3-f4cbe1297853bdb9.rlib(blake3-f4cbe1297853bdb9.blake3.969a83e7860d8dea-cgu.0.rcgu.o) : error LNK2001: unresolved external symbol __stop___sancov_pcs
          C:\Projetos\TESTE\fuzz\target\x86_64-pc-windows-msvc\release\build\pithos-fuzz\b657ca1a98db41ec\out\exact_dedup.exe : fatal error LNK1120: 4 unresolved externals
          

error: could not compile `pithos-fuzz` (bin "exact_dedup") due to 1 previous error
Error: failed to build fuzz script: "cargo" "build" "--manifest-path" "C:\\Projetos\\TESTE\\fuzz\\Cargo.toml" "--target" "x86_64-pc-windows-msvc" "--release" "--config" "profile.release.debug=\"line-tables-only\"" "--bin" "exact_dedup"
